// Jest Snapshot v1, https://goo.gl/fbAQLP

exports[`<Workspace/> rendering renders correctly 1`] = `
<section
  className="container"
>
  <div
    className="foreground"
  >
    <nav
      className="sidebar primary "
    />
    <div
      className="viewport"
    />
    <div
      className="drawer open "
    >
      <div
        className="handle"
        onMouseDown={[Function]}
        role="presentation"
      />
      <div
        className="content"
      />
    </div>
    <nav
      className="sidebar secondary "
    />
  </div>
  <div
    className="background"
  />
</section>
`;
