// Jest Snapshot v1, https://goo.gl/fbAQLP

exports[`<Pane/> rendering renders correctly 1`] = `
<section
  className="container  open"
>
  <header>
    <button
      className="dropdown"
      onClick={[Function]}
    >
      <span
        className="title"
      />
      <ForwardRef
        className="icon"
      />
    </button>
  </header>
  <main />
</section>
`;
