// Jest Snapshot v1, https://goo.gl/fbAQLP

exports[`<App/> rendering renders correctly 1`] = `
<div
  className="container"
>
  <SessionProvider
    onDidMount={[Function]}
    onLoad={[Function]}
    onUnload={[Function]}
    onWillUnmount={[Function]}
    reducer={[Function]}
    renderChildren={[Function]}
    state={Object {}}
  >
    <AppServiceProviders
      appProps={
        Object {
          "changeModule": [Function],
          "module": null,
          "renderModule": [Function],
        }
      }
    >
      <DeprecatedServiceProviders
        app={
          App {
            "_exportManager": ExportManager {
              "_downloaderManager": DownloadManager {
                "_downloaders": Map {
                  "text" => Array [
                    TextDownloader {},
                  ],
                  "image" => Array [
                    SVGImageDownloader {},
                  ],
                  "object" => Array [
                    JSONDownloader {},
                  ],
                },
              },
              "_exportTypes": Array [],
              "_exporters": Map {},
            },
            "_importManager": ImportManager {
              "_importers": Map {},
              "_metaTypes": Map {},
              "_textUploader": TextUploader {},
            },
            "_notificationManager": NotificationManager {
              "_layouts": Map {
                "default" => [Function],
                "warning" => [Function],
                "error" => [Function],
                "success" => [Function],
                "sequence" => [Function],
              },
              "_notificationMap": Map {
                0 => Notification {
                  "_id": 0,
                  "_layoutID": null,
                  "_message": "Welcome to Flap.js!",
                  "_notificationManager": [Circular],
                  "_props": Object {},
                  "_tags": Array [],
                },
              },
              "_notifications": Array [
                Notification {
                  "_id": 0,
                  "_layoutID": null,
                  "_message": "Welcome to Flap.js!",
                  "_notificationManager": [Circular],
                  "_props": Object {},
                  "_tags": Array [],
                },
              ],
              "provider": null,
            },
            "context": Object {},
            "moduleSessionHandler": ModuleSessionHandler {
              "changeModuleCallback": [Function],
              "module": null,
              "onDidMount": [Function],
              "onLoad": [Function],
              "onUnload": [Function],
              "onWillUnmount": [Function],
              "reducer": [Function],
            },
            "props": Object {
              "changeModule": [Function],
              "module": null,
              "renderModule": [Function],
            },
            "refs": Object {},
            "setState": [Function],
            "state": null,
            "updater": Updater {
              "_callbacks": Array [],
              "_renderer": ReactShallowRenderer {
                "_context": Object {},
                "_didScheduleRenderPhaseUpdate": false,
                "_dispatcher": Object {
                  "readContext": [Function],
                  "useCallback": [Function],
                  "useContext": [Function],
                  "useDebugValue": [Function],
                  "useEffect": [Function],
                  "useImperativeHandle": [Function],
                  "useLayoutEffect": [Function],
                  "useMemo": [Function],
                  "useReducer": [Function],
                  "useRef": [Function],
                  "useState": [Function],
                },
                "_element": <App
                  changeModule={[Function]}
                  module={null}
                  renderModule={[Function]}
                />,
                "_firstWorkInProgressHook": null,
                "_forcedUpdate": false,
                "_instance": [Circular],
                "_isReRender": false,
                "_newState": null,
                "_numberOfReRenders": 0,
                "_renderPhaseUpdates": null,
                "_rendered": <div
                  className="container"
                >
                  <SessionProvider
                    onDidMount={[Function]}
                    onLoad={[Function]}
                    onUnload={[Function]}
                    onWillUnmount={[Function]}
                    reducer={[Function]}
                    renderChildren={[Function]}
                    state={Object {}}
                  >
                    <AppServiceProviders
                      appProps={
                        Object {
                          "changeModule": [Function],
                          "module": null,
                          "renderModule": [Function],
                        }
                      }
                    >
                      <DeprecatedServiceProviders
                        app={[Circular]}
                      >
                        <AppBar />
                        <AppWorkspace
                          renderDrawer={[Function]}
                          renderPlayground={[Function]}
                          renderViewport={[Function]}
                        />
                      </DeprecatedServiceProviders>
                    </AppServiceProviders>
                  </SessionProvider>
                </div>,
                "_rendering": false,
                "_updater": [Circular],
                "_workInProgressHook": null,
              },
            },
          }
        }
      >
        <AppBar />
        <AppWorkspace
          renderDrawer={[Function]}
          renderPlayground={[Function]}
          renderViewport={[Function]}
        />
      </DeprecatedServiceProviders>
    </AppServiceProviders>
  </SessionProvider>
</div>
`;
